ARM Linker, 4.1 [Build 791] [Standard]

==============================================================================

Section Cross References

    startup_stm32f10x_hd.o(STACK) refers (Special) to heapauxi.o(.text) for __use_two_region_memory
    startup_stm32f10x_hd.o(HEAP) refers (Special) to heapauxi.o(.text) for __use_two_region_memory
    startup_stm32f10x_hd.o(RESET) refers (Special) to heapauxi.o(.text) for __use_two_region_memory
    startup_stm32f10x_hd.o(RESET) refers to startup_stm32f10x_hd.o(.text) for Reset_Handler
    startup_stm32f10x_hd.o(RESET) refers to usmart.o(.text) for TIM2_IRQHandler
    startup_stm32f10x_hd.o(RESET) refers to usart.o(.text) for USART1_IRQHandler
    startup_stm32f10x_hd.o(.text) refers (Special) to heapauxi.o(.text) for __use_two_region_memory
    startup_stm32f10x_hd.o(.text) refers to startup_stm32f10x_hd.o(STACK) for __initial_sp
    startup_stm32f10x_hd.o(.text) refers to __main.o(!!!main) for __main
    startup_stm32f10x_hd.o(.text) refers to startup_stm32f10x_hd.o(HEAP) for Heap_Mem
    delay.o(.text) refers to delay.o(.data) for fac_us
    sys.o(.text) refers to sys.o(.emb_text) for WFI_SET
    usart.o(.text) refers (Special) to use_no_semi_2.o(.text) for __use_no_semihosting
    usart.o(.text) refers to fflt_clz.o(x$fpl$ffltu) for __aeabi_ui2f
    usart.o(.text) refers to fdiv.o(x$fpl$fdiv) for __aeabi_fdiv
    usart.o(.text) refers to ffixu.o(x$fpl$ffixu) for __aeabi_f2uiz
    usart.o(.text) refers to faddsub_clz.o(x$fpl$frsb) for __aeabi_frsub
    usart.o(.text) refers to fmul.o(x$fpl$fmul) for __aeabi_fmul
    usart.o(.text) refers to sys.o(.text) for MY_NVIC_Init
    usart.o(.text) refers to usart.o(.data) for USART_RX_STA
    usart.o(.text) refers to usart.o(.bss) for USART_RX_BUF
    usart.o(.bss) refers (Special) to use_no_semi_2.o(.text) for __use_no_semihosting
    usart.o(.data) refers (Special) to use_no_semi_2.o(.text) for __use_no_semihosting
    proj.o(.text) refers to _printf_percent.o(.ARM.Collect$$_printf_percent$$00000000) for _printf_percent
    proj.o(.text) refers to _printf_f.o(.ARM.Collect$$_printf_percent$$00000003) for _printf_f
    proj.o(.text) refers to printf1.o(x$fpl$printf1) for _printf_fp_dec
    proj.o(.text) refers to sys.o(.text) for Stm32_Clock_Init
    proj.o(.text) refers to delay.o(.text) for delay_init
    proj.o(.text) refers to usart.o(.text) for uart_init
    proj.o(.text) refers to usmart.o(.text) for usmart_init
    proj.o(.text) refers to led.o(.text) for LED_Init
    proj.o(.text) refers to key.o(.text) for KEY_Init
    proj.o(.text) refers to ioi2c.o(.text) for IIC_Init
    proj.o(.text) refers to dmpctl.o(.text) for mpu6050_dmp_init
    proj.o(.text) refers to f2d.o(x$fpl$f2d) for __aeabi_f2d
    proj.o(.text) refers to noretval__2printf.o(.text) for __2printf
    proj.o(.text) refers to dmpctl.o(.data) for Yaw
    usmart.o(.text) refers to _printf_percent.o(.ARM.Collect$$_printf_percent$$00000000) for _printf_percent
    usmart.o(.text) refers to _printf_s.o(.ARM.Collect$$_printf_percent$$00000014) for _printf_s
    usmart.o(.text) refers to _printf_str.o(.text) for _printf_str
    usmart.o(.text) refers to _printf_pad.o(.text) for _printf_pre_padding
    usmart.o(.text) refers to _printf_x.o(.ARM.Collect$$_printf_percent$$0000000C) for _printf_x
    usmart.o(.text) refers to _printf_hex_int.o(.text) for _printf_longlong_hex
    usmart.o(.text) refers to _printf_u.o(.ARM.Collect$$_printf_percent$$0000000A) for _printf_u
    usmart.o(.text) refers to _printf_dec.o(.text) for _printf_int_dec
    usmart.o(.text) refers to _printf_d.o(.ARM.Collect$$_printf_percent$$00000009) for _printf_d
    usmart.o(.text) refers to _printf_c.o(.ARM.Collect$$_printf_percent$$00000013) for _printf_c
    usmart.o(.text) refers to usmart_str.o(.text) for usmart_get_cmdname
    usmart.o(.text) refers to noretval__2printf.o(.text) for __2printf
    usmart.o(.text) refers to usmart.o(.data) for sys_cmd_tab
    usmart.o(.text) refers to usmart_config.o(.data) for usmart_dev
    usmart.o(.text) refers to sys.o(.text) for MY_NVIC_Init
    usmart.o(.text) refers to usart.o(.data) for USART_RX_STA
    usmart.o(.text) refers to usart.o(.bss) for USART_RX_BUF
    usmart.o(.data) refers to usmart.o(.conststring) for .conststring
    usmart_config.o(.data) refers to usmart.o(.text) for read_addr
    usmart_config.o(.data) refers to usmart_config.o(.conststring) for .conststring
    usmart_config.o(.data) refers to delay.o(.text) for delay_ms
    usmart_config.o(.data) refers to led.o(.text) for led_test
    usmart_str.o(.text) refers to usmart_config.o(.data) for usmart_dev
    ioi2c.o(.text) refers to delay.o(.text) for delay_us
    inv_mpu.o(.text) refers to _printf_percent.o(.ARM.Collect$$_printf_percent$$00000000) for _printf_percent
    inv_mpu.o(.text) refers to _printf_d.o(.ARM.Collect$$_printf_percent$$00000009) for _printf_d
[...]
    .ARM.Collect$$libinit$$00000017          0x08000222   Section        0  libinit2.o(.ARM.Collect$$libinit$$00000017)
    .ARM.Collect$$libinit$$00000019          0x08000222   Section        0  libinit2.o(.ARM.Collect$$libinit$$00000019)
    .ARM.Collect$$libinit$$0000001B          0x08000222   Section        0  libinit2.o(.ARM.Collect$$libinit$$0000001B)
    .ARM.Collect$$libinit$$0000001D          0x08000222   Section        0  libinit2.o(.ARM.Collect$$libinit$$0000001D)
    .ARM.Collect$$libinit$$0000001F          0x08000222   Section        0  libinit2.o(.ARM.Collect$$libinit$$0000001F)
    .ARM.Collect$$libinit$$00000021          0x08000222   Section        0  libinit2.o(.ARM.Collect$$libinit$$00000021)
    .ARM.Collect$$libinit$$00000028          0x08000222   Section        0  libinit2.o(.ARM.Collect$$libinit$$00000028)
    .ARM.Collect$$libinit$$0000002A          0x08000222   Section        0  libinit2.o(.ARM.Collect$$libinit$$0000002A)
    .ARM.Collect$$libinit$$0000002C          0x08000222   Section        0  libinit2.o(.ARM.Collect$$libinit$$0000002C)
    .ARM.Collect$$libinit$$0000002E          0x08000222   Section        0  libinit2.o(.ARM.Collect$$libinit$$0000002E)
    .ARM.Collect$$libinit$$0000002F          0x08000222   Section        2  libinit2.o(.ARM.Collect$$libinit$$0000002F)
    .ARM.Collect$$libshutdown$$00000000      0x08000224   Section        2  libshutdown.o(.ARM.Collect$$libshutdown$$00000000)
    .ARM.Collect$$libshutdown$$00000003      0x08000226   Section        0  libshutdown2.o(.ARM.Collect$$libshutdown$$00000003)
    .ARM.Collect$$libshutdown$$00000006      0x08000226   Section        0  libshutdown2.o(.ARM.Collect$$libshutdown$$00000006)
    .ARM.Collect$$libshutdown$$00000009      0x08000226   Section        0  libshutdown2.o(.ARM.Collect$$libshutdown$$00000009)
    .ARM.Collect$$libshutdown$$0000000B      0x08000226   Section        0  libshutdown2.o(.ARM.Collect$$libshutdown$$0000000B)
    .ARM.Collect$$libshutdown$$0000000E      0x08000226   Section        0  libshutdown2.o(.ARM.Collect$$libshutdown$$0000000E)
    .ARM.Collect$$libshutdown$$0000000F      0x08000226   Section        2  libshutdown2.o(.ARM.Collect$$libshutdown$$0000000F)
    .ARM.Collect$$rtentry$$00000000          0x08000228   Section        0  rtentry.o(.ARM.Collect$$rtentry$$00000000)
    .ARM.Collect$$rtentry$$00000002          0x08000228   Section        0  rtentry2.o(.ARM.Collect$$rtentry$$00000002)
    .ARM.Collect$$rtentry$$00000004          0x08000228   Section        6  rtentry4.o(.ARM.Collect$$rtentry$$00000004)
    .ARM.Collect$$rtentry$$00000009          0x0800022e   Section        0  rtentry2.o(.ARM.Collect$$rtentry$$00000009)
    .ARM.Collect$$rtentry$$0000000A          0x0800022e   Section        4  rtentry2.o(.ARM.Collect$$rtentry$$0000000A)
    .ARM.Collect$$rtentry$$0000000C          0x08000232   Section        0  rtentry2.o(.ARM.Collect$$rtentry$$0000000C)
    .ARM.Collect$$rtentry$$0000000D          0x08000232   Section        8  rtentry2.o(.ARM.Collect$$rtentry$$0000000D)
    .ARM.Collect$$rtexit$$00000000           0x0800023a   Section        2  rtexit.o(.ARM.Collect$$rtexit$$00000000)
    .ARM.Collect$$rtexit$$00000002           0x0800023c   Section        0  rtexit2.o(.ARM.Collect$$rtexit$$00000002)
    .ARM.Collect$$rtexit$$00000003           0x0800023c   Section        4  rtexit2.o(.ARM.Collect$$rtexit$$00000003)
    .ARM.Collect$$rtexit$$00000004           0x08000240   Section        6  rtexit2.o(.ARM.Collect$$rtexit$$00000004)
    .emb_text                                0x08000248   Section       12  sys.o(.emb_text)
    .text                                    0x08000254   Section       72  startup_stm32f10x_hd.o(.text)
    .text                                    0x0800029c   Section        0  delay.o(.text)
    .text                                    0x08000354   Section        0  sys.o(.text)
    .text                                    0x08000690   Section        0  usart.o(.text)
    .text                                    0x08000824   Section        0  proj.o(.text)
    .text                                    0x080008bc   Section        0  led.o(.text)
    .text                                    0x0800093c   Section        0  key.o(.text)
    .text                                    0x080009a4   Section        0  usmart.o(.text)
    .text                                    0x080014d0   Section        0  usmart_str.o(.text)
    .text                                    0x08001a84   Section        0  ioi2c.o(.text)
    IIC_delay                                0x08001a85   Thumb Code    18  ioi2c.o(.text)
    .text                                    0x08001fe4   Section        0  inv_mpu.o(.text)
    set_int_enable                           0x08001fe5   Thumb Code   146  inv_mpu.o(.text)
    get_accel_prod_shift                     0x08003371   Thumb Code   192  inv_mpu.o(.text)
    accel_self_test                          0x08003431   Thumb Code   178  inv_mpu.o(.text)
    gyro_self_test                           0x080034e3   Thumb Code   278  inv_mpu.o(.text)
    get_st_biases                            0x080035f9   Thumb Code  1208  inv_mpu.o(.text)
    .text                                    0x08004094   Section        0  inv_mpu_dmp_motion_driver.o(.text)
    decode_gesture                           0x08004c69   Thumb Code   102  inv_mpu_dmp_motion_driver.o(.text)
    .text                                    0x08004f6c   Section        0  dmpctl.o(.text)
    inv_row_2_scale                          0x08004f6d   Thumb Code    92  dmpctl.o(.text)
    inv_orientation_matrix_to_scalar         0x08004fc9   Thumb Code    44  dmpctl.o(.text)
    run_self_test                            0x08004ff5   Thumb Code   156  dmpctl.o(.text)
    .text                                    0x08005750   Section        2  use_no_semi_2.o(.text)
    .text                                    0x08005752   Section       38  llshl.o(.text)
    .text                                    0x08005778   Section       38  llsshr.o(.text)
    .text                                    0x0800579e   Section       72  llsdiv.o(.text)
    .text                                    0x080057e8   Section        0  noretval__2printf.o(.text)
    .text                                    0x08005800   Section        0  _printf_pad.o(.text)
    .text                                    0x08005852   Section        0  _printf_str.o(.text)
    .text                                    0x080058a4   Section        0  _printf_dec.o(.text)
    .text                                    0x0800591c   Section        0  _printf_hex_int.o(.text)
    .text                                    0x08005978   Section        0  __printf_flags_ss_wp.o(.text)
    .text                                    0x08005b04   Section        0  memcmp.o(.text)
    .text                                    0x08005b5c   Section       16  aeabi_memset.o(.text)
    .text                                    0x08005b6c   Section        0  heapauxi.o(.text)
    .text                                    0x08005b72   Section        2  use_no_semi.o(.text)
    .text                                    0x08005b74   Section      238  lludivv7m.o(.text)
    .text                                    0x08005c62   Section        0  _rserrno.o(.text)
    .text                                    0x08005c78   Section        0  _printf_intcommon.o(.text)
    .text                                    0x08005d30   Section        0  _printf_fp_dec.o(.text)
    _fp_digits                               0x08005d33   Thumb Code   426  _printf_fp_dec.o(.text)
    .text                                    0x0800614e   Section        0  _printf_char.o(.text)
    .text                                    0x0800617c   Section        0  _printf_char_file.o(.text)
    .text                                    0x080061a0   Section       68  rt_memclr.o(.text)
    .text                                    0x080061e4   Section        8  rt_locale_intlibspace.o(.text)
    .text                                    0x080061ec   Section        8  rt_errno_addr_intlibspace.o(.text)
    .text                                    0x080061f4   Section      138  lludiv10.o(.text)
    .text                                    0x08006280   Section        0  _printf_char_common.o(.text)
    _printf_input_char                       0x08006281   Thumb Code    10  _printf_char_common.o(.text)
    .text                                    0x080062b0   Section        0  _printf_fp_infnan.o(.text)
    .text                                    0x08006330   Section        0  bigflt0.o(.text)
    .text                                    0x08006414   Section        0  ferror.o(.text)
    .text                                    0x0800641c   Section       78  rt_memclr_w.o(.text)
    .text                                    0x0800646c   Section        8  libspace.o(.text)
    .text                                    0x08006474   Section       74  sys_stackheap_outer.o(.text)
    .text                                    0x080064be   Section        0  exit.o(.text)
    .text                                    0x080064cc   Section      128  strcmpv7m.o(.text)
    .text                                    0x0800654c   Section        8  rt_fp_status_addr_intlibspace.o(.text)
    CL$$btod_d2e                             0x08006554   Section       62  btod.o(CL$$btod_d2e)
    CL$$btod_d2e_denorm_low                  0x08006592   Section       70  btod.o(CL$$btod_d2e_denorm_low)
    CL$$btod_d2e_norm_op1                    0x080065d8   Section       96  btod.o(CL$$btod_d2e_norm_op1)
    CL$$btod_div_common                      0x08006638   Section      824  btod.o(CL$$btod_div_common)
    CL$$btod_e2e                             0x08006970   Section      198  btod.o(CL$$btod_e2e)
    CL$$btod_ediv                            0x08006a36   Section       40  btod.o(CL$$btod_ediv)
    CL$$btod_emul                            0x08006a5e   Section       40  btod.o(CL$$btod_emul)
    CL$$btod_mult_common                     0x08006a86   Section      580  btod.o(CL$$btod_mult_common)
    i.__ARM_fpclassify                       0x08006cca   Section        0  fpclassify.o(i.__ARM_fpclassify)
    i.__kernel_poly                          0x08006cf2   Section        0  poly.o(i.__kernel_poly)
    i.__mathlib_dbl_underflow                0x08006d9c   Section        0  dunder.o(i.__mathlib_dbl_underflow)
    i._is_digit                              0x08006dac   Section        0  __printf_wp.o(i._is_digit)
    i.asin                                   0x08006dbc   Section        0  asin.o(i.asin)
    i.atan                                   0x0800703c   Section        0  atan.o(i.atan)
    i.atan2                                  0x08007260   Section        0  atan2.o(i.atan2)
    i.sqrt                                   0x080073e0   Section        0  sqrt.o(i.sqrt)
    locale$$code                             0x0800742c   Section       44  lc_numeric_c.o(locale$$code)
    x$fpl$d2f                                0x08007458   Section       98  d2f.o(x$fpl$d2f)
    x$fpl$dadd                               0x080074bc   Section      336  daddsub_clz.o(x$fpl$dadd)
    _dadd1                                   0x080074cd   Thumb Code     0  daddsub_clz.o(x$fpl$dadd)
    x$fpl$dcheck1                            0x0800760c   Section       16  dcheck1.o(x$fpl$dcheck1)
    x$fpl$ddiv                               0x0800761c   Section      688  ddiv.o(x$fpl$ddiv)
    ddiv_entry                               0x08007623   Thumb Code     0  ddiv.o(x$fpl$ddiv)
    x$fpl$dmul                               0x080078cc   Section      340  dmul.o(x$fpl$dmul)
    x$fpl$dnaninf                            0x08007a20   Section      156  dnaninf.o(x$fpl$dnaninf)
    x$fpl$dretinf                            0x08007abc   Section       12  dretinf.o(x$fpl$dretinf)
    x$fpl$drsb                               0x08007ac8   Section       22  daddsub_clz.o(x$fpl$drsb)
    x$fpl$dsqrt                              0x08007ae0   Section      460  dsqrt_noumaal.o(x$fpl$dsqrt)
    x$fpl$dsub                               0x08007cac   Section      468  daddsub_clz.o(x$fpl$dsub)
    _dsub1                                   0x08007cbd   Thumb Code     0  daddsub_clz.o(x$fpl$dsub)
    x$fpl$f2d                                0x08007e80   Section       86  f2d.o(x$fpl$f2d)
    x$fpl$fadd                               0x08007ed8   Section      196  faddsub_clz.o(x$fpl$fadd)
    _fadd1                                   0x08007ee7   Thumb Code     0  faddsub_clz.o(x$fpl$fadd)
    x$fpl$fcmpinf                            0x08007f9c   Section       24  fcmpi.o(x$fpl$fcmpinf)
    x$fpl$fdiv                               0x08007fb4   Section      388  fdiv.o(x$fpl$fdiv)
    _fdiv1                                   0x08007fb5   Thumb Code     0  fdiv.o(x$fpl$fdiv)
    x$fpl$feqf                               0x08008138   Section      104  feqf.o(x$fpl$feqf)
    x$fpl$ffix                               0x080081a0   Section       54  ffix.o(x$fpl$ffix)
    x$fpl$ffixu                              0x080081d8   Section       62  ffixu.o(x$fpl$ffixu)
    x$fpl$fflt                               0x08008218   Section       48  fflt_clz.o(x$fpl$fflt)
    x$fpl$ffltu                              0x08008248   Section       38  fflt_clz.o(x$fpl$ffltu)
    x$fpl$fleqf                              0x08008270   Section      104  fleqf.o(x$fpl$fleqf)
    x$fpl$fmul                               0x080082d8   Section      258  fmul.o(x$fpl$fmul)
    x$fpl$fnaninf                            0x080083da   Section      140  fnaninf.o(x$fpl$fnaninf)
    x$fpl$fpinit                             0x08008466   Section       14  fpinit.o(x$fpl$fpinit)
    x$fpl$fretinf                            0x08008474   Section       10  fretinf.o(x$fpl$fretinf)
    x$fpl$frleqf                             0x0800847e   Section       98  frleqf.o(x$fpl$frleqf)
    x$fpl$frsb                               0x080084e0   Section       20  faddsub_clz.o(x$fpl$frsb)
    x$fpl$fsub                               0x080084f4   Section      234  faddsub_clz.o(x$fpl$fsub)
    _fsub1                                   0x08008503   Thumb Code     0  faddsub_clz.o(x$fpl$fsub)
    x$fpl$printf1                            0x080085de   Section        4  printf1.o(x$fpl$printf1)
    x$fpl$retnan                             0x080085e2   Section      100  retnan.o(x$fpl$retnan)
    x$fpl$scalbn                             0x08008646   Section       92  scalbn.o(x$fpl$scalbn)
    x$fpl$trapveneer                         0x080086a2   Section       48  trapv.o(x$fpl$trapveneer)
    x$fpl$usenofp                            0x080086d2   Section        0  usenofp.o(x$fpl$usenofp)
    .constdata                               0x080086d4   Section      158  inv_mpu.o(.constdata)
    .constdata                               0x08008772   Section     3062  inv_mpu_dmp_motion_driver.o(.constdata)
    dmp_memory                               0x08008772   Data        3062  inv_mpu_dmp_motion_driver.o(.constdata)
    .constdata                               0x08009368   Section       40  _printf_hex_int.o(.constdata)
    uc_hextab                                0x08009368   Data          20  _printf_hex_int.o(.constdata)
    lc_hextab                                0x0800937c   Data          20  _printf_hex_int.o(.constdata)
    .constdata                               0x08009390   Section       17  __printf_flags_ss_wp.o(.constdata)
    maptable                                 0x08009390   Data          17  __printf_flags_ss_wp.o(.constdata)
    .constdata                               0x080093a8   Section       80  asin.o(.constdata)
    pS                                       0x080093a8   Data          48  asin.o(.constdata)
    qS                                       0x080093d8   Data          32  asin.o(.constdata)
    .constdata                               0x080093f8   Section      152  atan.o(.constdata)
    atanhi                                   0x080093f8   Data          32  atan.o(.constdata)
    atanlo                                   0x08009418   Data          32  atan.o(.constdata)
    aTodd                                    0x08009438   Data          40  atan.o(.constdata)
    aTeven                                   0x08009460   Data          48  atan.o(.constdata)
    .constdata                               0x08009490   Section        8  qnan.o(.constdata)
    .constdata                               0x08009498   Section      148  bigflt0.o(.constdata)
    tenpwrs_x                                0x08009498   Data          60  bigflt0.o(.constdata)
    tenpwrs_i                                0x080094d4   Data          64  bigflt0.o(.constdata)
    .conststring                             0x0800952c   Section       23  usmart.o(.conststring)
    .conststring                             0x08009543   Section      125  usmart_config.o(.conststring)
    locale$$data                             0x080095e0   Section       28  lc_numeric_c.o(locale$$data)
    __lcnum_c_name                           0x080095e4   Data           2  lc_numeric_c.o(locale$$data)
    __lcnum_c_start                          0x080095ec   Data           0  lc_numeric_c.o(locale$$data)
    __lcnum_c_point                          0x080095f8   Data           0  lc_numeric_c.o(locale$$data)
    __lcnum_c_thousands                      0x080095fa   Data           0  lc_numeric_c.o(locale$$data)
    __lcnum_c_grouping                       0x080095fb   Data           0  lc_numeric_c.o(locale$$data)
    __lcnum_c_end                            0x080095fc   Data           0  lc_numeric_c.o(locale$$data)
    .data                                    0x20000000   Section        4  delay.o(.data)
    fac_us                                   0x20000000   Data           1  delay.o(.data)
    fac_ms                                   0x20000002   Data           2  delay.o(.data)
    .data                                    0x20000004   Section        8  usart.o(.data)
    .data                                    0x2000000c   Section       24  usmart.o(.data)
    .data                                    0x20000024   Section      276  usmart_config.o(.data)
    .data                                    0x20000138   Section       44  inv_mpu.o(.data)
    st                                       0x20000138   Data          44  inv_mpu.o(.data)
    .data                                    0x20000164   Section       60  dmpctl.o(.data)
    gyro_orientation                         0x20000174   Data           9  dmpctl.o(.data)
    .bss                                     0x200001a0   Section      200  usart.o(.bss)
    .bss                                     0x20000268   Section       16  inv_mpu_dmp_motion_driver.o(.bss)
    dmp                                      0x20000268   Data          16  inv_mpu_dmp_motion_driver.o(.bss)
    .bss                                     0x20000278   Section       16  dmpctl.o(.bss)
    .bss                                     0x20000288   Section       96  libspace.o(.bss)
    HEAP                                     0x200002e8   Section        0  startup_stm32f10x_hd.o(HEAP)
    STACK                                    0x200002e8   Section     2048  startup_stm32f10x_hd.o(STACK)
    Heap_Mem                                 0x200002e8   Data           0  startup_stm32f10x_hd.o(HEAP)
    Stack_Mem                                0x200002e8   Data        2048  startup_stm32f10x_hd.o(STACK)
    __initial_sp                             0x20000ae8   Data           0  startup_stm32f10x_hd.o(STACK)

    Global Symbols

    Symbol Name                              Value     Ov Type        Size  Object(Section)

    BuildAttributes$$THM_ISAv4$P$D$K$B$S$PE$A:L22UL41UL21$X:L11$S22US41US21$IEEE1$IW$USESV6$~STKCKD$USESV7$~SHL$OTIME$ROPI$IEEEX$EBA8$UX$STANDARDLIB$REQ8$PRES8$EABIv2 0x00000000   Number         0  anon$$obj.o ABSOLUTE
    __ARM_use_no_argv                        0x00000000   Number         0  proj.o ABSOLUTE
    _printf_flags                            0x00000000   Number         0  printf_stubs.o ABSOLUTE
    _printf_return_value                     0x00000000   Number         0  printf_stubs.o ABSOLUTE
    _printf_sizespec                         0x00000000   Number         0  printf_stubs.o ABSOLUTE
    _printf_widthprec                        0x00000000   Number         0  printf_stubs.o ABSOLUTE
    __ARM_exceptions_init                     - Undefined Weak Reference
    __alloca_initialize                       - Undefined Weak Reference
    __cpp_initialize__aeabi_                  - Undefined Weak Reference
    __cxa_finalize                            - Undefined Weak Reference
    __sigvec_lookup                           - Undefined Weak Reference
    _atexit_init                              - Undefined Weak Reference
    _call_atexit_fns                          - Undefined Weak Reference
    _clock_init                               - Undefined Weak Reference
    _fp_trap_init                             - Undefined Weak Reference
    _fp_trap_shutdown                         - Undefined Weak Reference
    _get_lc_collate                           - Undefined Weak Reference
    _get_lc_ctype                             - Undefined Weak Reference
    _get_lc_monetary                          - Undefined Weak Reference
    _get_lc_time                              - Undefined Weak Reference
    _getenv_init                              - Undefined Weak Reference
    _handle_redirection                       - Undefined Weak Reference
    _init_alloc                               - Undefined Weak Reference
    _init_user_alloc                          - Undefined Weak Reference
    _initio                                   - Undefined Weak Reference
    _mutex_acquire                            - Undefined Weak Reference
    _mutex_release                            - Undefined Weak Reference
    _printf_mbtowc                            - Undefined Weak Reference
    _printf_truncate_signed                   - Undefined Weak Reference
    _printf_truncate_unsigned                 - Undefined Weak Reference
    _rand_init                                - Undefined Weak Reference
    _signal_finish                            - Undefined Weak Reference
    _signal_init                              - Undefined Weak Reference
    _terminate_alloc                          - Undefined Weak Reference
    _terminate_user_alloc                     - Undefined Weak Reference
    _terminateio                              - Undefined Weak Reference
    __Vectors_Size                           0x00000130   Number         0  startup_stm32f10x_hd.o ABSOLUTE
    __Vectors                                0x08000000   Data           4  startup_stm32f10x_hd.o(RESET)
    __Vectors_End                            0x08000130   Data           0  startup_stm32f10x_hd.o(RESET)
    __main                                   0x08000131   Thumb Code     8  __main.o(!!!main)
    __scatterload                            0x08000139   Thumb Code     0  __scatter.o(!!!scatter)
    __scatterload_rt2                        0x08000139   Thumb Code    44  __scatter.o(!!!scatter)
    __scatterload_rt2_thumb_only             0x08000139   Thumb Code     0  __scatter.o(!!!scatter)
    __scatterload_null                       0x08000147   Thumb Code     0  __scatter.o(!!!scatter)
    __decompress                             0x0800016d   Thumb Code    90  __dczerorl2.o(!!dczerorl2)
    __decompress1                            0x0800016d   Thumb Code     0  __dczerorl2.o(!!dczerorl2)
    __scatterload_zeroinit                   0x080001c9   Thumb Code    28  __scatter_zi.o(!!handler_zi)
    _printf_f                                0x080001e5   Thumb Code     0  _printf_f.o(.ARM.Collect$$_printf_percent$$00000003)
    _printf_percent                          0x080001e5   Thumb Code     0  _printf_percent.o(.ARM.Collect$$_printf_percent$$00000000)
    _printf_d                                0x080001eb   Thumb Code     0  _printf_d.o(.ARM.Collect$$_printf_percent$$00000009)
    _printf_u                                0x080001f1   Thumb Code     0  _printf_u.o(.ARM.Collect$$_printf_percent$$0000000A)
    _printf_x                                0x080001f7   Thumb Code     0  _printf_x.o(.ARM.Collect$$_printf_percent$$0000000C)
    _printf_c                                0x080001fd   Thumb Code     0  _printf_c.o(.ARM.Collect$$_printf_percent$$00000013)
    _printf_s                                0x08000203   Thumb Code     0  _printf_s.o(.ARM.Collect$$_printf_percent$$00000014)
    _printf_percent_end                      0x08000209   Thumb Code     0  _printf_percent_end.o(.ARM.Collect$$_printf_percent$$00000017)
    __rt_lib_init                            0x0800020d   Thumb Code     0  libinit.o(.ARM.Collect$$libinit$$00000000)
    __rt_lib_init_heap_1                     0x08000213   Thumb Code     0  libinit2.o(.ARM.Collect$$libinit$$00000006)
    __rt_lib_init_lc_common                  0x08000213   Thumb Code     0  libinit2.o(.ARM.Collect$$libinit$$0000000B)
    __rt_lib_init_rand_1                     0x08000213   Thumb Code     0  libinit2.o(.ARM.Collect$$libinit$$0000000A)
    __rt_lib_init_user_alloc_1               0x08000213   Thumb Code     0  libinit2.o(.ARM.Collect$$libinit$$00000008)
    __rt_lib_init_lc_collate_1               0x08000219   Thumb Code     0  libinit2.o(.ARM.Collect$$libinit$$0000000D)
    __rt_lib_init_lc_ctype_1                 0x08000219   Thumb Code     0  libinit2.o(.ARM.Collect$$libinit$$0000000F)
    __rt_lib_init_lc_monetary_1              0x08000219   Thumb Code     0  libinit2.o(.ARM.Collect$$libinit$$00000011)
    __rt_lib_init_lc_numeric_2               0x08000219   Thumb Code     0  libinit2.o(.ARM.Collect$$libinit$$00000012)
    __rt_lib_init_alloca_1                   0x08000223   Thumb Code     0  libinit2.o(.ARM.Collect$$libinit$$0000002A)
    __rt_lib_init_argv_1                     0x08000223   Thumb Code     0  libinit2.o(.ARM.Collect$$libinit$$00000028)
    __rt_lib_init_atexit_1                   0x08000223   Thumb Code     0  libinit2.o(.ARM.Collect$$libinit$$00000017)
    __rt_lib_init_clock_1                    0x08000223   Thumb Code     0  libinit2.o(.ARM.Collect$$libinit$$0000001D)
    __rt_lib_init_cpp_1                      0x08000223   Thumb Code     0  libinit2.o(.ARM.Collect$$libinit$$0000002E)
    __rt_lib_init_exceptions_1               0x08000223   Thumb Code     0  libinit2.o(.ARM.Collect$$libinit$$0000002C)
    __rt_lib_init_fp_trap_1                  0x08000223   Thumb Code     0  libinit2.o(.ARM.Collect$$libinit$$0000001B)
    __rt_lib_init_getenv_1                   0x08000223   Thumb Code     0  libinit2.o(.ARM.Collect$$libinit$$0000001F)
    __rt_lib_init_lc_numeric_1               0x08000223   Thumb Code     0  libinit2.o(.ARM.Collect$$libinit$$00000013)
    __rt_lib_init_lc_time_1                  0x08000223   Thumb Code     0  libinit2.o(.ARM.Collect$$libinit$$00000015)
    __rt_lib_init_return                     0x08000223   Thumb Code     0  libinit2.o(.ARM.Collect$$libinit$$0000002F)
    __rt_lib_init_signal_1                   0x08000223   Thumb Code     0  libinit2.o(.ARM.Collect$$libinit$$00000019)
    __rt_lib_init_stdio_1                    0x08000223   Thumb Code     0  libinit2.o(.ARM.Collect$$libinit$$00000021)
    __rt_lib_shutdown                        0x08000225   Thumb Code     0  libshutdown.o(.ARM.Collect$$libshutdown$$00000000)
    __rt_lib_shutdown_fp_trap_1              0x08000227   Thumb Code     0  libshutdown2.o(.ARM.Collect$$libshutdown$$00000006)
    __rt_lib_shutdown_heap_1                 0x08000227   Thumb Code     0  libshutdown2.o(.ARM.Collect$$libshutdown$$0000000E)
    __rt_lib_shutdown_return                 0x08000227   Thumb Code     0  libshutdown2.o(.ARM.Collect$$libshutdown$$0000000F)
    __rt_lib_shutdown_signal_1               0x08000227   Thumb Code     0  libshutdown2.o(.ARM.Collect$$libshutdown$$00000009)
    __rt_lib_shutdown_stdio_1                0x08000227   Thumb Code     0  libshutdown2.o(.ARM.Collect$$libshutdown$$00000003)
    __rt_lib_shutdown_user_alloc_1           0x08000227   Thumb Code     0  libshutdown2.o(.ARM.Collect$$libshutdown$$0000000B)
    __rt_entry                               0x08000229   Thumb Code     0  rtentry.o(.ARM.Collect$$rtentry$$00000000)
    __rt_entry_presh_1                       0x08000229   Thumb Code     0  rtentry2.o(.ARM.Collect$$rtentry$$00000002)
    __rt_entry_sh                            0x08000229   Thumb Code     0  rtentry4.o(.ARM.Collect$$rtentry$$00000004)
    __rt_entry_li                            0x0800022f   Thumb Code     0  rtentry2.o(.ARM.Collect$$rtentry$$0000000A)
    __rt_entry_postsh_1                      0x0800022f   Thumb Code     0  rtentry2.o(.ARM.Collect$$rtentry$$00000009)
    __rt_entry_main                          0x08000233   Thumb Code     0  rtentry2.o(.ARM.Collect$$rtentry$$0000000D)
    __rt_entry_postli_1                      0x08000233   Thumb Code     0  rtentry2.o(.ARM.Collect$$rtentry$$0000000C)
    __rt_exit                                0x0800023b   Thumb Code     0  rtexit.o(.ARM.Collect$$rtexit$$00000000)
    __rt_exit_ls                             0x0800023d   Thumb Code     0  rtexit2.o(.ARM.Collect$$rtexit$$00000003)
    __rt_exit_prels_1                        0x0800023d   Thumb Code     0  rtexit2.o(.ARM.Collect$$rtexit$$00000002)
    __rt_exit_exit                           0x08000241   Thumb Code     0  rtexit2.o(.ARM.Collect$$rtexit$$00000004)
    WFI_SET                                  0x08000249   Thumb Code     2  sys.o(.emb_text)
    INTX_DISABLE                             0x0800024b   Thumb Code     2  sys.o(.emb_text)
    INTX_ENABLE                              0x0800024d   Thumb Code     2  sys.o(.emb_text)
    MSR_MSP                                  0x0800024f   Thumb Code     6  sys.o(.emb_text)
    SystemInit_ExtMemCtl                     0x08000255   Thumb Code     2  startup_stm32f10x_hd.o(.text)
    Reset_Handler                            0x08000257   Thumb Code    14  startup_stm32f10x_hd.o(.text)
    NMI_Handler                              0x08000265   Thumb Code     2  startup_stm32f10x_hd.o(.text)
    HardFault_Handler                        0x08000267   Thumb Code     2  startup_stm32f10x_hd.o(.text)
    MemManage_Handler                        0x08000269   Thumb Code     2  startup_stm32f10x_hd.o(.text)
    BusFault_Handler                         0x0800026b   Thumb Code     2  startup_stm32f10x_hd.o(.text)
    UsageFault_Handler                       0x0800026d   Thumb Code     2  startup_stm32f10x_hd.o(.text)
    SVC_Handler                              0x0800026f   Thumb Code     2  startup_stm32f10x_hd.o(.text)
    DebugMon_Handler                         0x08000271   Thumb Code     2  startup_stm32f10x_hd.o(.text)
    PendSV_Handler                           0x08000273   Thumb Code     2  startup_stm32f10x_hd.o(.text)
    SysTick_Handler                          0x08000275   Thumb Code     2  startup_stm32f10x_hd.o(.text)
    ADC1_2_IRQHandler                        0x08000277   Thumb Code     0  startup_stm32f10x_hd.o(.text)
    ADC3_IRQHandler                          0x08000277   Thumb Code     0  startup_stm32f10x_hd.o(.text)
    CAN1_RX1_IRQHandler                      0x08000277   Thumb Code     0  startup_stm32f10x_hd.o(.text)
    CAN1_SCE_IRQHandler                      0x08000277   Thumb Code     0  startup_stm32f10x_hd.o(.text)
    DMA1_Channel1_IRQHandler                 0x08000277   Thumb Code     0  startup_stm32f10x_hd.o(.text)
    DMA1_Channel2_IRQHandler                 0x08000277   Thumb Code     0  startup_stm32f10x_hd.o(.text)
    DMA1_Channel3_IRQHandler                 0x08000277   Thumb Code     0  startup_stm32f10x_hd.o(.text)
    DMA1_Channel4_IRQHandler                 0x08000277   Thumb Code     0  startup_stm32f10x_hd.o(.text)
    DMA1_Channel5_IRQHandler                 0x08000277   Thumb Code     0  startup_stm32f10x_hd.o(.text)
    DMA1_Channel6_IRQHandler                 0x08000277   Thumb Code     0  startup_stm32f10x_hd.o(.text)
    DMA1_Channel7_IRQHandler                 0x08000277   Thumb Code     0  startup_stm32f10x_hd.o(.text)
    DMA2_Channel1_IRQHandler                 0x08000277   Thumb Code     0  startup_stm32f10x_hd.o(.text)
    DMA2_Channel2_IRQHandler                 0x08000277   Thumb Code     0  startup_stm32f10x_hd.o(.text)
    DMA2_Channel3_IRQHandler                 0x08000277   Thumb Code     0  startup_stm32f10x_hd.o(.text)
    DMA2_Channel4_5_IRQHandler               0x08000277   Thumb Code     0  startup_stm32f10x_hd.o(.text)
    EXTI0_IRQHandler                         0x08000277   Thumb Code     0  startup_stm32f10x_hd.o(.text)
    EXTI15_10_IRQHandler                     0x08000277   Thumb Code     0  startup_stm32f10x_hd.o(.text)
    EXTI1_IRQHandler                         0x08000277   Thumb Code     0  startup_stm32f10x_hd.o(.text)
    EXTI2_IRQHandler                         0x08000277   Thumb Code     0  startup_stm32f10x_hd.o(.text)
    EXTI3_IRQHandler                         0x08000277   Thumb Code     0  startup_stm32f10x_hd.o(.text)
    EXTI4_IRQHandler                         0x08000277   Thumb Code     0  startup_stm32f10x_hd.o(.text)
    EXTI9_5_IRQHandler                       0x08000277   Thumb Code     0  startup_stm32f10x_hd.o(.text)
    FLASH_IRQHandler                         0x08000277   Thumb Code     0  startup_stm32f10x_hd.o(.text)
    FSMC_IRQHandler                          0x08000277   Thumb Code     0  startup_stm32f10x_hd.o(.text)
    I2C1_ER_IRQHandler                       0x08000277   Thumb Code     0  startup_stm32f10x_hd.o(.text)
    I2C1_EV_IRQHandler                       0x08000277   Thumb Code     0  startup_stm32f10x_hd.o(.text)
    I2C2_ER_IRQHandler                       0x08000277   Thumb Code     0  startup_stm32f10x_hd.o(.text)
    I2C2_EV_IRQHandler                       0x08000277   Thumb Code     0  startup_stm32f10x_hd.o(.text)
    PVD_IRQHandler                           0x08000277   Thumb Code     0  startup_stm32f10x_hd.o(.text)
    RCC_IRQHandler                           0x08000277   Thumb Code     0  startup_stm32f10x_hd.o(.text)
    RTCAlarm_IRQHandler                      0x08000277   Thumb Code     0  startup_stm32f10x_hd.o(.text)
    RTC_IRQHandler                           0x08000277   Thumb Code     0  startup_stm32f10x_hd.o(.text)
    SDIO_IRQHandler                          0x08000277   Thumb Code     0  startup_stm32f10x_hd.o(.text)
    SPI1_IRQHandler                          0x08000277   Thumb Code     0  startup_stm32f10x_hd.o(.text)
    SPI2_IRQHandler                          0x08000277   Thumb Code     0  startup_stm32f10x_hd.o(.text)
    SPI3_IRQHandler                          0x08000277   Thumb Code     0  startup_stm32f10x_hd.o(.text)
    TAMPER_IRQHandler                        0x08000277   Thumb Code     0  startup_stm32f10x_hd.o(.text)
    TIM1_BRK_IRQHandler                      0x08000277   Thumb Code     0  startup_stm32f10x_hd.o(.text)
    TIM1_CC_IRQHandler                       0x08000277   Thumb Code     0  startup_stm32f10x_hd.o(.text)
    TIM1_TRG_COM_IRQHandler                  0x08000277   Thumb Code     0  startup_stm32f10x_hd.o(.text)
    TIM1_UP_IRQHandler                       0x08000277   Thumb Code     0  startup_stm32f10x_hd.o(.text)
    TIM3_IRQHandler                          0x08000277   Thumb Code     0  startup_stm32f10x_hd.o(.text)
    TIM4_IRQHandler                          0x08000277   Thumb Code     0  startup_stm32f10x_hd.o(.text)
    TIM5_IRQHandler                          0x08000277   Thumb Code     0  startup_stm32f10x_hd.o(.text)
    TIM6_IRQHandler                          0x08000277   Thumb Code     0  startup_stm32f10x_hd.o(.text)
    TIM7_IRQHandler                          0x08000277   Thumb Code     0  startup_stm32f10x_hd.o(.text)
    TIM8_BRK_IRQHandler                      0x08000277   Thumb Code     0  startup_stm32f10x_hd.o(.text)
    TIM8_CC_IRQHandler                       0x08000277   Thumb Code     0  startup_stm32f10x_hd.o(.text)
    TIM8_TRG_COM_IRQHandler                  0x08000277   Thumb Code     0  startup_stm32f10x_hd.o(.text)
    TIM8_UP_IRQHandler                       0x08000277   Thumb Code     0  startup_stm32f10x_hd.o(.text)
    UART4_IRQHandler                         0x08000277   Thumb Code     0  startup_stm32f10x_hd.o(.text)
    UART5_IRQHandler                         0x08000277   Thumb Code     0  startup_stm32f10x_hd.o(.text)
    USART2_IRQHandler                        0x08000277   Thumb Code     0  startup_stm32f10x_hd.o(.text)
    USART3_IRQHandler                        0x08000277   Thumb Code     0  startup_stm32f10x_hd.o(.text)
    USBWakeUp_IRQHandler                     0x08000277   Thumb Code     0  startup_stm32f10x_hd.o(.text)
    USB_HP_CAN1_TX_IRQHandler                0x08000277   Thumb Code     0  startup_stm32f10x_hd.o(.text)
    USB_LP_CAN1_RX0_IRQHandler               0x08000277   Thumb Code     0  startup_stm32f10x_hd.o(.text)
    WWDG_IRQHandler                          0x08000277   Thumb Code     0  startup_stm32f10x_hd.o(.text)
    __user_initial_stackheap                 0x08000279   Thumb Code     0  startup_stm32f10x_hd.o(.text)
    delay_init                               0x0800029d   Thumb Code    50  delay.o(.text)
    delay_us                                 0x080002cf   Thumb Code    62  delay.o(.text)
    delay_ms                                 0x0800030d   Thumb Code    62  delay.o(.text)
    MY_NVIC_SetVectorTable                   0x08000355   Thumb Code    16  sys.o(.text)
    MY_NVIC_PriorityGroupConfig              0x08000365   Thumb Code    42  sys.o(.text)
    MY_NVIC_Init                             0x0800038f   Thumb Code   170  sys.o(.text)
    Ex_NVIC_Config                           0x08000439   Thumb Code   174  sys.o(.text)
    MYRCC_DeInit                             0x080004e7   Thumb Code   102  sys.o(.text)
    Sys_Standby                              0x0800054d   Thumb Code    64  sys.o(.text)
    Sys_Soft_Reset                           0x0800058d   Thumb Code     8  sys.o(.text)
    JTAG_Set                                 0x08000595   Thumb Code    42  sys.o(.text)
    Stm32_Clock_Init                         0x080005bf   Thumb Code   134  sys.o(.text)
    _sys_exit                                0x08000691   Thumb Code     6  usart.o(.text)
    fputc                                    0x08000697   Thumb Code    20  usart.o(.text)
    USART1_IRQHandler                        0x080006ab   Thumb Code   122  usart.o(.text)
    uart_init                                0x08000725   Thumb Code   218  usart.o(.text)
    main                                     0x08000825   Thumb Code   112  proj.o(.text)
    LED_Init                                 0x080008bd   Thumb Code    58  led.o(.text)
    led_test                                 0x080008f7   Thumb Code    44  led.o(.text)
    KEY_Init                                 0x0800093d   Thumb Code    86  key.o(.text)
    usmart_sys_cmd_exe                       0x080009a5   Thumb Code  1588  usmart.o(.text)
    TIM2_IRQHandler                          0x08000fd9   Thumb Code    38  usmart.o(.text)
    Timer2_Init                              0x08000fff   Thumb Code    78  usmart.o(.text)
    usmart_init                              0x0800104d   Thumb Code    40  usmart.o(.text)
    usmart_cmd_rec                           0x08001075   Thumb Code   174  usmart.o(.text)
    usmart_exe                               0x08001123   Thumb Code   720  usmart.o(.text)
    usmart_scan                              0x080013f3   Thumb Code   124  usmart.o(.text)
    read_addr                                0x0800146f   Thumb Code     6  usmart.o(.text)
    write_addr                               0x08001475   Thumb Code     4  usmart.o(.text)
    usmart_strcmp                            0x080014d1   Thumb Code    38  usmart_str.o(.text)
    usmart_strcopy                           0x080014f7   Thumb Code    26  usmart_str.o(.text)
    usmart_strlen                            0x08001511   Thumb Code    30  usmart_str.o(.text)
    usmart_pow                               0x0800152f   Thumb Code    24  usmart_str.o(.text)
    usmart_str2num                           0x08001547   Thumb Code   216  usmart_str.o(.text)
    usmart_get_cmdname                       0x0800161f   Thumb Code    64  usmart_str.o(.text)
    usmart_search_nextc                      0x0800165f   Thumb Code    26  usmart_str.o(.text)
    usmart_get_fname                         0x08001679   Thumb Code   488  usmart_str.o(.text)
    usmart_get_aparm                         0x08001861   Thumb Code   210  usmart_str.o(.text)
    usmart_get_parmpos                       0x08001933   Thumb Code    30  usmart_str.o(.text)
    usmart_get_fparam                        0x08001951   Thumb Code   296  usmart_str.o(.text)
    get_ms                                   0x08001a97   Thumb Code     2  ioi2c.o(.text)
    IIC_Init                                 0x08001a99   Thumb Code    36  ioi2c.o(.text)
    IIC_Start                                0x08001abd   Thumb Code    70  ioi2c.o(.text)
    IIC_Stop                                 0x08001b03   Thumb Code    62  ioi2c.o(.text)
    IIC_Wait_Ack                             0x08001b41   Thumb Code    96  ioi2c.o(.text)
    IIC_Ack                                  0x08001ba1   Thumb Code    70  ioi2c.o(.text)
    IIC_NAck                                 0x08001be7   Thumb Code    70  ioi2c.o(.text)
    IIC_Send_Byte                            0x08001c2d   Thumb Code    96  ioi2c.o(.text)
    i2cWrite                                 0x08001c8d   Thumb Code   100  ioi2c.o(.text)
    IIC_Read_Byte                            0x08001cf1   Thumb Code   108  ioi2c.o(.text)
    i2cRead                                  0x08001d5d   Thumb Code   122  ioi2c.o(.text)
    I2C_ReadOneByte                          0x08001dd7   Thumb Code    78  ioi2c.o(.text)
    IICreadBytes                             0x08001e25   Thumb Code   132  ioi2c.o(.text)
    IICwriteBytes                            0x08001ea9   Thumb Code    74  ioi2c.o(.text)
    IICreadByte                              0x08001ef3   Thumb Code    22  ioi2c.o(.text)
    IICwriteByte                             0x08001f09   Thumb Code    22  ioi2c.o(.text)
    IICwriteBits                             0x08001f1f   Thumb Code   122  ioi2c.o(.text)
    IICwriteBit                              0x08001f99   Thumb Code    74  ioi2c.o(.text)
    mpu_reg_dump                             0x08002077   Thumb Code    76  inv_mpu.o(.text)
    mpu_read_reg                             0x080020c3   Thumb Code    66  inv_mpu.o(.text)
    mpu_set_int_latched                      0x08002105   Thumb Code   106  inv_mpu.o(.text)
    mpu_set_sensors                          0x0800216f   Thumb Code   222  inv_mpu.o(.text)
    mpu_set_bypass                           0x0800224d   Thumb Code   336  inv_mpu.o(.text)
    mpu_reset_fifo                           0x0800239d   Thumb Code   486  inv_mpu.o(.text)
    mpu_configure_fifo                       0x08002583   Thumb Code   112  inv_mpu.o(.text)
    mpu_set_lpf                              0x080025f3   Thumb Code   138  inv_mpu.o(.text)
    mpu_lp_accel_mode                        0x0800267d   Thumb Code   256  inv_mpu.o(.text)
    mpu_set_sample_rate                      0x0800277d   Thumb Code   166  inv_mpu.o(.text)
    mpu_set_accel_fsr                        0x08002823   Thumb Code   138  inv_mpu.o(.text)
    mpu_set_gyro_fsr                         0x080028ad   Thumb Code   144  inv_mpu.o(.text)
    mpu_init                                 0x0800293d   Thumb Code   450  inv_mpu.o(.text)
    mpu_get_gyro_reg                         0x08002aff   Thumb Code   110  inv_mpu.o(.text)
    mpu_get_accel_reg                        0x08002b6d   Thumb Code   192  inv_mpu.o(.text)
    mpu_get_temperature                      0x08002c2d   Thumb Code   150  inv_mpu.o(.text)
    mpu_set_accel_bias                       0x08002cc3   Thumb Code   404  inv_mpu.o(.text)
    mpu_get_gyro_fsr                         0x08002e57   Thumb Code    68  inv_mpu.o(.text)
    mpu_get_accel_fsr                        0x08002e9b   Thumb Code    84  inv_mpu.o(.text)
    mpu_get_lpf                              0x08002eef   Thumb Code    88  inv_mpu.o(.text)
    mpu_get_sample_rate                      0x08002f47   Thumb Code    26  inv_mpu.o(.text)
    mpu_get_compass_sample_rate              0x08002f61   Thumb Code    14  inv_mpu.o(.text)
    mpu_set_compass_sample_rate              0x08002f6f   Thumb Code     8  inv_mpu.o(.text)
    mpu_get_gyro_sens                        0x08002f77   Thumb Code    58  inv_mpu.o(.text)
    mpu_get_accel_sens                       0x08002fb1   Thumb Code    80  inv_mpu.o(.text)
    mpu_get_fifo_config                      0x08003001   Thumb Code    14  inv_mpu.o(.text)
    mpu_get_power_state                      0x0800300f   Thumb Code    52  inv_mpu.o(.text)
    mpu_get_int_status                       0x08003043   Thumb Code    66  inv_mpu.o(.text)
    mpu_read_fifo                            0x08003085   Thumb Code   540  inv_mpu.o(.text)
    mpu_read_fifo_stream                     0x080032a1   Thumb Code   194  inv_mpu.o(.text)
    mpu_set_int_level                        0x08003363   Thumb Code    14  inv_mpu.o(.text)
    mpu_set_dmp_state                        0x08003ab1   Thumb Code   148  inv_mpu.o(.text)
    mpu_run_self_test                        0x08003b45   Thumb Code   312  inv_mpu.o(.text)
    mpu_write_mem                            0x08003c7d   Thumb Code   124  inv_mpu.o(.text)
    mpu_read_mem                             0x08003cf9   Thumb Code   124  inv_mpu.o(.text)
    mpu_load_firmware                        0x08003d75   Thumb Code   196  inv_mpu.o(.text)
    mpu_get_dmp_state                        0x08003e39   Thumb Code    16  inv_mpu.o(.text)
    mpu_get_compass_reg                      0x08003e49   Thumb Code     8  inv_mpu.o(.text)
    mpu_get_compass_fsr                      0x08003e51   Thumb Code     8  inv_mpu.o(.text)
    mpu_lp_motion_interrupt                  0x08003e59   Thumb Code   570  inv_mpu.o(.text)
    dmp_load_motion_driver_firmware          0x08004095   Thumb Code    20  inv_mpu_dmp_motion_driver.o(.text)
    dmp_set_orientation                      0x080040a9   Thumb Code   292  inv_mpu_dmp_motion_driver.o(.text)
    dmp_set_gyro_bias                        0x080041cd   Thumb Code   340  inv_mpu_dmp_motion_driver.o(.text)
    dmp_set_accel_bias                       0x08004321   Thumb Code   384  inv_mpu_dmp_motion_driver.o(.text)
    dmp_set_fifo_rate                        0x080044a1   Thumb Code   104  inv_mpu_dmp_motion_driver.o(.text)
    dmp_get_fifo_rate                        0x08004509   Thumb Code    14  inv_mpu_dmp_motion_driver.o(.text)
    dmp_set_tap_thresh                       0x08004517   Thumb Code   400  inv_mpu_dmp_motion_driver.o(.text)
    dmp_set_tap_axes                         0x080046a7   Thumb Code    72  inv_mpu_dmp_motion_driver.o(.text)
    dmp_set_tap_count                        0x080046ef   Thumb Code    46  inv_mpu_dmp_motion_driver.o(.text)
    dmp_set_tap_time                         0x0800471d   Thumb Code    44  inv_mpu_dmp_motion_driver.o(.text)
    dmp_set_tap_time_multi                   0x08004749   Thumb Code    44  inv_mpu_dmp_motion_driver.o(.text)
    dmp_set_shake_reject_thresh              0x08004775   Thumb Code    64  inv_mpu_dmp_motion_driver.o(.text)
    dmp_set_shake_reject_time                0x080047b5   Thumb Code    44  inv_mpu_dmp_motion_driver.o(.text)
    dmp_set_shake_reject_timeout             0x080047e1   Thumb Code    44  inv_mpu_dmp_motion_driver.o(.text)
    dmp_get_pedometer_step_count             0x0800480d   Thumb Code    72  inv_mpu_dmp_motion_driver.o(.text)
    dmp_set_pedometer_step_count             0x08004855   Thumb Code    88  inv_mpu_dmp_motion_driver.o(.text)
    dmp_get_pedometer_walk_time              0x080048ad   Thumb Code    80  inv_mpu_dmp_motion_driver.o(.text)
    dmp_set_pedometer_walk_time              0x080048fd   Thumb Code    58  inv_mpu_dmp_motion_driver.o(.text)
    dmp_enable_6x_lp_quat                    0x08004937   Thumb Code    68  inv_mpu_dmp_motion_driver.o(.text)
    dmp_enable_lp_quat                       0x0800497b   Thumb Code    68  inv_mpu_dmp_motion_driver.o(.text)
    dmp_enable_gyro_cal                      0x080049bf   Thumb Code    62  inv_mpu_dmp_motion_driver.o(.text)
    dmp_enable_feature                       0x080049fd   Thumb Code   606  inv_mpu_dmp_motion_driver.o(.text)
    dmp_get_enabled_features                 0x08004c5b   Thumb Code    14  inv_mpu_dmp_motion_driver.o(.text)
    dmp_set_interrupt_mode                   0x08004ccf   Thumb Code    66  inv_mpu_dmp_motion_driver.o(.text)
    dmp_read_fifo                            0x08004d11   Thumb Code   574  inv_mpu_dmp_motion_driver.o(.text)
    dmp_register_tap_cb                      0x08004f4f   Thumb Code    12  inv_mpu_dmp_motion_driver.o(.text)
    dmp_register_android_orient_cb           0x08004f5b   Thumb Code    12  inv_mpu_dmp_motion_driver.o(.text)
    mpu6050_dmp_init                         0x08005091   Thumb Code   220  dmpctl.o(.text)
    DMP_update                               0x0800516d   Thumb Code  1474  dmpctl.o(.text)
    __use_no_semihosting                     0x08005751   Thumb Code     2  use_no_semi_2.o(.text)
    __aeabi_llsl                             0x08005753   Thumb Code     0  llshl.o(.text)
    _ll_shift_l                              0x08005753   Thumb Code    38  llshl.o(.text)
    __aeabi_lasr                             0x08005779   Thumb Code     0  llsshr.o(.text)
    _ll_sshift_r                             0x08005779   Thumb Code    38  llsshr.o(.text)
    __aeabi_ldivmod                          0x0800579f   Thumb Code     0  llsdiv.o(.text)
    _ll_sdiv                                 0x0800579f   Thumb Code    72  llsdiv.o(.text)
    __2printf                                0x080057e9   Thumb Code    20  noretval__2printf.o(.text)
    _printf_pre_padding                      0x08005801   Thumb Code    46  _printf_pad.o(.text)
    _printf_post_padding                     0x0800582f   Thumb Code    36  _printf_pad.o(.text)
    _printf_str                              0x08005853   Thumb Code    82  _printf_str.o(.text)
    _printf_int_dec                          0x080058a5   Thumb Code   102  _printf_dec.o(.text)
    _printf_int_hex                          0x0800591d   Thumb Code    88  _printf_hex_int.o(.text)
    _printf_longlong_hex                     0x0800591d   Thumb Code     0  _printf_hex_int.o(.text)
    __printf                                 0x08005979   Thumb Code   390  __printf_flags_ss_wp.o(.text)
    memcmp                                   0x08005b05   Thumb Code    88  memcmp.o(.text)
    __aeabi_memset                           0x08005b5d   Thumb Code    16  aeabi_memset.o(.text)
    __use_two_region_memory                  0x08005b6d   Thumb Code     2  heapauxi.o(.text)
    __rt_heap_escrow$2region                 0x08005b6f   Thumb Code     2  heapauxi.o(.text)
    __rt_heap_expand$2region                 0x08005b71   Thumb Code     2  heapauxi.o(.text)
    __I$use$semihosting                      0x08005b73   Thumb Code     0  use_no_semi.o(.text)
    __use_no_semihosting_swi                 0x08005b73   Thumb Code     2  use_no_semi.o(.text)
    __aeabi_uldivmod                         0x08005b75   Thumb Code     0  lludivv7m.o(.text)
    _ll_udiv                                 0x08005b75   Thumb Code   238  lludivv7m.o(.text)
    __read_errno                             0x08005c63   Thumb Code    10  _rserrno.o(.text)
    __set_errno                              0x08005c6d   Thumb Code    12  _rserrno.o(.text)
    _printf_int_common                       0x08005c79   Thumb Code   184  _printf_intcommon.o(.text)
    __lib_sel_fp_printf                      0x08005d31   Thumb Code     2  _printf_fp_dec.o(.text)
    _printf_fp_dec_real                      0x08005edd   Thumb Code   626  _printf_fp_dec.o(.text)
    _printf_cs_common                        0x0800614f   Thumb Code    20  _printf_char.o(.text)
    _printf_char                             0x08006163   Thumb Code    16  _printf_char.o(.text)
    _printf_string                           0x08006173   Thumb Code     8  _printf_char.o(.text)
    _printf_char_file                        0x0800617d   Thumb Code    32  _printf_char_file.o(.text)
    __aeabi_memclr                           0x080061a1   Thumb Code     0  rt_memclr.o(.text)
    __rt_memclr                              0x080061a1   Thumb Code    68  rt_memclr.o(.text)
    _memset                                  0x080061a5   Thumb Code     0  rt_memclr.o(.text)
    __rt_locale                              0x080061e5   Thumb Code     8  rt_locale_intlibspace.o(.text)
    __aeabi_errno_addr                       0x080061ed   Thumb Code     8  rt_errno_addr_intlibspace.o(.text)
    __errno$intlibspace                      0x080061ed   Thumb Code     0  rt_errno_addr_intlibspace.o(.text)
    __rt_errno_addr$intlibspace              0x080061ed   Thumb Code     0  rt_errno_addr_intlibspace.o(.text)
    _ll_udiv10                               0x080061f5   Thumb Code   138  lludiv10.o(.text)
    _printf_char_common                      0x0800628b   Thumb Code    32  _printf_char_common.o(.text)
    _printf_fp_infnan                        0x080062b1   Thumb Code   112  _printf_fp_infnan.o(.text)
    _btod_etento                             0x08006331   Thumb Code   222  bigflt0.o(.text)
    ferror                                   0x08006415   Thumb Code     8  ferror.o(.text)
    __aeabi_memclr4                          0x0800641d   Thumb Code     0  rt_memclr_w.o(.text)
    __aeabi_memclr8                          0x0800641d   Thumb Code     0  rt_memclr_w.o(.text)
    __rt_memclr_w                            0x0800641d   Thumb Code    78  rt_memclr_w.o(.text)
    _memset_w                                0x08006421   Thumb Code     0  rt_memclr_w.o(.text)
    __user_libspace                          0x0800646d   Thumb Code     8  libspace.o(.text)
    __user_perproc_libspace                  0x0800646d   Thumb Code     0  libspace.o(.text)
    __user_perthread_libspace                0x0800646d   Thumb Code     0  libspace.o(.text)
    __user_setup_stackheap                   0x08006475   Thumb Code    74  sys_stackheap_outer.o(.text)
    exit                                     0x080064bf   Thumb Code    12  exit.o(.text)
    strcmp                                   0x080064cd   Thumb Code   128  strcmpv7m.o(.text)
    __rt_fp_status_addr                      0x0800654d   Thumb Code     8  rt_fp_status_addr_intlibspace.o(.text)
    _btod_d2e                                0x08006555   Thumb Code    62  btod.o(CL$$btod_d2e)
    _d2e_denorm_low                          0x08006593   Thumb Code    70  btod.o(CL$$btod_d2e_denorm_low)
    _d2e_norm_op1                            0x080065d9   Thumb Code    96  btod.o(CL$$btod_d2e_norm_op1)
    __btod_div_common                        0x08006639   Thumb Code   696  btod.o(CL$$btod_div_common)
    _e2e                                     0x08006971   Thumb Code   198  btod.o(CL$$btod_e2e)
    _btod_ediv                               0x08006a37   Thumb Code    40  btod.o(CL$$btod_ediv)
    _btod_emul                               0x08006a5f   Thumb Code    40  btod.o(CL$$btod_emul)
    __btod_mult_common                       0x08006a87   Thumb Code   580  btod.o(CL$$btod_mult_common)
    __ARM_fpclassify                         0x08006ccb   Thumb Code    40  fpclassify.o(i.__ARM_fpclassify)
    __kernel_poly                            0x08006cf3   Thumb Code   170  poly.o(i.__kernel_poly)
    __mathlib_dbl_underflow                  0x08006d9d   Thumb Code    10  dunder.o(i.__mathlib_dbl_underflow)
    _is_digit                                0x08006dad   Thumb Code    14  __printf_wp.o(i._is_digit)
    asin                                     0x08006dbd   Thumb Code   586  asin.o(i.asin)
    atan                                     0x0800703d   Thumb Code   480  atan.o(i.atan)
    atan2                                    0x08007261   Thumb Code   346  atan2.o(i.atan2)
    sqrt                                     0x080073e1   Thumb Code    76  sqrt.o(i.sqrt)
    _get_lc_numeric                          0x0800742d   Thumb Code    44  lc_numeric_c.o(locale$$code)
    __aeabi_d2f                              0x08007459   Thumb Code     0  d2f.o(x$fpl$d2f)
    _d2f                                     0x08007459   Thumb Code    98  d2f.o(x$fpl$d2f)
    __aeabi_dadd                             0x080074bd   Thumb Code     0  daddsub_clz.o(x$fpl$dadd)
    _dadd                                    0x080074bd   Thumb Code   332  daddsub_clz.o(x$fpl$dadd)
    __fpl_dcheck_NaN1                        0x0800760d   Thumb Code    10  dcheck1.o(x$fpl$dcheck1)
    __aeabi_ddiv                             0x0800761d   Thumb Code     0  ddiv.o(x$fpl$ddiv)
    _ddiv                                    0x0800761d   Thumb Code   552  ddiv.o(x$fpl$ddiv)
    __aeabi_dmul                             0x080078cd   Thumb Code     0  dmul.o(x$fpl$dmul)
    _dmul                                    0x080078cd   Thumb Code   332  dmul.o(x$fpl$dmul)
    __fpl_dnaninf                            0x08007a21   Thumb Code   156  dnaninf.o(x$fpl$dnaninf)
    __fpl_dretinf                            0x08007abd   Thumb Code    12  dretinf.o(x$fpl$dretinf)
    __aeabi_drsub                            0x08007ac9   Thumb Code     0  daddsub_clz.o(x$fpl$drsb)
    _drsb                                    0x08007ac9   Thumb Code    22  daddsub_clz.o(x$fpl$drsb)
    _dsqrt                                   0x08007ae1   Thumb Code   456  dsqrt_noumaal.o(x$fpl$dsqrt)
    __aeabi_dsub                             0x08007cad   Thumb Code     0  daddsub_clz.o(x$fpl$dsub)
    _dsub                                    0x08007cad   Thumb Code   464  daddsub_clz.o(x$fpl$dsub)
    __aeabi_f2d                              0x08007e81   Thumb Code     0  f2d.o(x$fpl$f2d)
    _f2d                                     0x08007e81   Thumb Code    86  f2d.o(x$fpl$f2d)
    __aeabi_fadd                             0x08007ed9   Thumb Code     0  faddsub_clz.o(x$fpl$fadd)
    _fadd                                    0x08007ed9   Thumb Code   196  faddsub_clz.o(x$fpl$fadd)
    __fpl_fcmp_Inf                           0x08007f9d   Thumb Code    24  fcmpi.o(x$fpl$fcmpinf)
    __aeabi_fdiv                             0x08007fb5   Thumb Code     0  fdiv.o(x$fpl$fdiv)
    _fdiv                                    0x08007fb5   Thumb Code   384  fdiv.o(x$fpl$fdiv)
    __aeabi_cfcmpeq                          0x08008139   Thumb Code     0  feqf.o(x$fpl$feqf)
    _fcmpeq                                  0x08008139   Thumb Code   104  feqf.o(x$fpl$feqf)
    __aeabi_f2iz                             0x080081a1   Thumb Code     0  ffix.o(x$fpl$ffix)
    _ffix                                    0x080081a1   Thumb Code    54  ffix.o(x$fpl$ffix)
    __aeabi_f2uiz                            0x080081d9   Thumb Code     0  ffixu.o(x$fpl$ffixu)
    _ffixu                                   0x080081d9   Thumb Code    62  ffixu.o(x$fpl$ffixu)
    __aeabi_i2f                              0x08008219   Thumb Code     0  fflt_clz.o(x$fpl$fflt)
    _fflt                                    0x08008219   Thumb Code    48  fflt_clz.o(x$fpl$fflt)
    __aeabi_ui2f                             0x08008249   Thumb Code     0  fflt_clz.o(x$fpl$ffltu)
    _ffltu                                   0x08008249   Thumb Code    38  fflt_clz.o(x$fpl$ffltu)
    __aeabi_cfcmple                          0x08008271   Thumb Code     0  fleqf.o(x$fpl$fleqf)
    _fcmple                                  0x08008271   Thumb Code   104  fleqf.o(x$fpl$fleqf)
    __fpl_fcmple_InfNaN                      0x080082c3   Thumb Code     0  fleqf.o(x$fpl$fleqf)
    __aeabi_fmul                             0x080082d9   Thumb Code     0  fmul.o(x$fpl$fmul)
    _fmul                                    0x080082d9   Thumb Code   258  fmul.o(x$fpl$fmul)
    __fpl_fnaninf                            0x080083db   Thumb Code   140  fnaninf.o(x$fpl$fnaninf)
    _fp_init                                 0x08008467   Thumb Code    14  fpinit.o(x$fpl$fpinit)
    __fplib_config_pureend_doubles           0x08008473   Thumb Code     0  fpinit.o(x$fpl$fpinit)
    __fpl_fretinf                            0x08008475   Thumb Code    10  fretinf.o(x$fpl$fretinf)
    __aeabi_cfrcmple                         0x0800847f   Thumb Code     0  frleqf.o(x$fpl$frleqf)
    _frcmple                                 0x0800847f   Thumb Code    98  frleqf.o(x$fpl$frleqf)
    __aeabi_frsub                            0x080084e1   Thumb Code     0  faddsub_clz.o(x$fpl$frsb)
    _frsb                                    0x080084e1   Thumb Code    20  faddsub_clz.o(x$fpl$frsb)
    __aeabi_fsub                             0x080084f5   Thumb Code     0  faddsub_clz.o(x$fpl$fsub)
    _fsub                                    0x080084f5   Thumb Code   234  faddsub_clz.o(x$fpl$fsub)
    _printf_fp_dec                           0x080085df   Thumb Code     4  printf1.o(x$fpl$printf1)
    __fpl_return_NaN                         0x080085e3   Thumb Code   100  retnan.o(x$fpl$retnan)
    __ARM_scalbn                             0x08008647   Thumb Code    92  scalbn.o(x$fpl$scalbn)
    __fpl_cmpreturn                          0x080086a3   Thumb Code    48  trapv.o(x$fpl$trapveneer)
    __I$use$fp                               0x080086d3   Thumb Code     0  usenofp.o(x$fpl$usenofp)
    hw                                       0x080086d4   Data          12  inv_mpu.o(.constdata)
    reg                                      0x080086e0   Data          27  inv_mpu.o(.constdata)
    test                                     0x080086fc   Data          40  inv_mpu.o(.constdata)
    __mathlib_zero                           0x08009490   Data           8  qnan.o(.constdata)
    Region$$Table$$Base                      0x080095c0   Number         0  anon$$obj.o(Region$$Table)
    Region$$Table$$Limit                     0x080095e0   Number         0  anon$$obj.o(Region$$Table)
    USART_RX_STA                             0x20000004   Data           2  usart.o(.data)
    __stdout                                 0x20000008   Data           4  usart.o(.data)
    sys_cmd_tab                              0x2000000c   Data          24  usmart.o(.data)
    usmart_nametab                           0x20000024   Data          40  usmart_config.o(.data)
    usmart_dev                               0x2000004c   Data         236  usmart_config.o(.data)
    q0                                       0x20000164   Data           4  dmpctl.o(.data)
    q1                                       0x20000168   Data           4  dmpctl.o(.data)
    q2                                       0x2000016c   Data           4  dmpctl.o(.data)
    q3                                       0x20000170   Data           4  dmpctl.o(.data)
    sensor_timestamp                         0x20000180   Data           4  dmpctl.o(.data)
    gyro                                     0x20000184   Data           6  dmpctl.o(.data)
    accel                                    0x2000018a   Data           6  dmpctl.o(.data)
    sensors                                  0x20000190   Data           2  dmpctl.o(.data)
    more                                     0x20000192   Data           1  dmpctl.o(.data)
    Yaw                                      0x20000194   Data           4  dmpctl.o(.data)
    Roll                                     0x20000198   Data           4  dmpctl.o(.data)
    Pitch                                    0x2000019c   Data           4  dmpctl.o(.data)
    USART_RX_BUF                             0x200001a0   Data         200  usart.o(.bss)
    quat                                     0x20000278   Data          16  dmpctl.o(.bss)
    __libspace_start                         0x20000288   Data          96  libspace.o(.bss)
    __temporary_stack_top$libspace           0x200002e8   Data           0  libspace.o(.bss)



==============================================================================

Memory Map of the image

  Image Entry point : 0x08000131

  Load Region LR_IROM1 (Base: 0x08000000, Size: 0x0000979c, Max: 0x00080000, ABSOLUTE, COMPRESSED[0x00009660])

    Execution Region ER_IROM1 (Base: 0x08000000, Size: 0x000095fc, Max: 0x00080000, ABSOLUTE)

    Base Addr    Size         Type   Attr      Idx    E Section Name        Object

    0x08000000   0x00000130   Data   RO            3    RESET               startup_stm32f10x_hd.o
    0x08000130   0x00000008   Code   RO          459  * !!!main             c_w.l(__main.o)
    0x08000138   0x00000034   Code   RO          815    !!!scatter          c_w.l(__scatter.o)
    0x0800016c   0x0000005a   Code   RO          813    !!dczerorl2         c_w.l(__dczerorl2.o)
    0x080001c6   0x00000002   PAD
    0x080001c8   0x0000001c   Code   RO          817    !!handler_zi        c_w.l(__scatter_zi.o)
    0x080001e4   0x00000000   Code   RO          452    .ARM.Collect$$_printf_percent$$00000000  c_w.l(_printf_percent.o)
    0x080001e4   0x00000006   Code   RO          451    .ARM.Collect$$_printf_percent$$00000003  c_w.l(_printf_f.o)
    0x080001ea   0x00000006   Code   RO          449    .ARM.Collect$$_printf_percent$$00000009  c_w.l(_printf_d.o)
    0x080001f0   0x00000006   Code   RO          450    .ARM.Collect$$_printf_percent$$0000000A  c_w.l(_printf_u.o)
    0x080001f6   0x00000006   Code   RO          448    .ARM.Collect$$_printf_percent$$0000000C  c_w.l(_printf_x.o)
    0x080001fc   0x00000006   Code   RO          446    .ARM.Collect$$_printf_percent$$00000013  c_w.l(_printf_c.o)
    0x08000202   0x00000006   Code   RO          447    .ARM.Collect$$_printf_percent$$00000014  c_w.l(_printf_s.o)
    0x08000208   0x00000004   Code   RO          534    .ARM.Collect$$_printf_percent$$00000017  c_w.l(_printf_percent_end.o)
    0x0800020c   0x00000006   Code   RO          680    .ARM.Collect$$libinit$$00000000  c_w.l(libinit.o)
    0x08000212   0x00000000   Code   RO          683    .ARM.Collect$$libinit$$00000006  c_w.l(libinit2.o)
    0x08000212   0x00000000   Code   RO          685    .ARM.Collect$$libinit$$00000008  c_w.l(libinit2.o)
    0x08000212   0x00000000   Code   RO          687    .ARM.Collect$$libinit$$0000000A  c_w.l(libinit2.o)
    0x08000212   0x00000006   Code   RO          688    .ARM.Collect$$libinit$$0000000B  c_w.l(libinit2.o)
    0x08000218   0x00000000   Code   RO          690    .ARM.Collect$$libinit$$0000000D  c_w.l(libinit2.o)
    0x08000218   0x00000000   Code   RO          692    .ARM.Collect$$libinit$$0000000F  c_w.l(libinit2.o)
    0x08000218   0x00000000   Code   RO          694    .ARM.Collect$$libinit$$00000011  c_w.l(libinit2.o)
    0x08000218   0x0000000a   Code   RO          695    .ARM.Collect$$libinit$$00000012  c_w.l(libinit2.o)
    0x08000222   0x00000000   Code   RO          696    .ARM.Collect$$libinit$$00000013  c_w.l(libinit2.o)
    0x08000222   0x00000000   Code   RO          698    .ARM.Collect$$libinit$$00000015  c_w.l(libinit2.o)
    0x08000222   0x00000000   Code   RO          700    .ARM.Collect$$libinit$$00000017  c_w.l(libinit2.o)
    0x08000222   0x00000000   Code   RO          702    .ARM.Collect$$libinit$$00000019  c_w.l(libinit2.o)
    0x08000222   0x00000000   Code   RO          704    .ARM.Collect$$libinit$$0000001B  c_w.l(libinit2.o)
    0x08000222   0x00000000   Code   RO          706    .ARM.Collect$$libinit$$0000001D  c_w.l(libinit2.o)
    0x08000222   0x00000000   Code   RO          708    .ARM.Collect$$libinit$$0000001F  c_w.l(libinit2.o)
    0x08000222   0x00000000   Code   RO          710    .ARM.Collect$$libinit$$00000021  c_w.l(libinit2.o)
    0x08000222   0x00000000   Code   RO          714    .ARM.Collect$$libinit$$00000028  c_w.l(libinit2.o)
    0x08000222   0x00000000   Code   RO          716    .ARM.Collect$$libinit$$0000002A  c_w.l(libinit2.o)
    0x08000222   0x00000000   Code   RO          718    .ARM.Collect$$libinit$$0000002C  c_w.l(libinit2.o)
    0x08000222   0x00000000   Code   RO          720    .ARM.Collect$$libinit$$0000002E  c_w.l(libinit2.o)
    0x08000222   0x00000002   Code   RO          721    .ARM.Collect$$libinit$$0000002F  c_w.l(libinit2.o)
    0x08000224   0x00000002   Code   RO          774    .ARM.Collect$$libshutdown$$00000000  c_w.l(libshutdown.o)
    0x08000226   0x00000000   Code   RO          784    .ARM.Collect$$libshutdown$$00000003  c_w.l(libshutdown2.o)
    0x08000226   0x00000000   Code   RO          787    .ARM.Collect$$libshutdown$$00000006  c_w.l(libshutdown2.o)
    0x08000226   0x00000000   Code   RO          790    .ARM.Collect$$libshutdown$$00000009  c_w.l(libshutdown2.o)
    0x08000226   0x00000000   Code   RO          792    .ARM.Collect$$libshutdown$$0000000B  c_w.l(libshutdown2.o)
    0x08000226   0x00000000   Code   RO          795    .ARM.Collect$$libshutdown$$0000000E  c_w.l(libshutdown2.o)
    0x08000226   0x00000002   Code   RO          796    .ARM.Collect$$libshutdown$$0000000F  c_w.l(libshutdown2.o)
    0x08000228   0x00000000   Code   RO          521    .ARM.Collect$$rtentry$$00000000  c_w.l(rtentry.o)
    0x08000228   0x00000000   Code   RO          586    .ARM.Collect$$rtentry$$00000002  c_w.l(rtentry2.o)
    0x08000228   0x00000006   Code   RO          598    .ARM.Collect$$rtentry$$00000004  c_w.l(rtentry4.o)
    0x0800022e   0x00000000   Code   RO          588    .ARM.Collect$$rtentry$$00000009  c_w.l(rtentry2.o)
    0x0800022e   0x00000004   Code   RO          589    .ARM.Collect$$rtentry$$0000000A  c_w.l(rtentry2.o)
    0x08000232   0x00000000   Code   RO          591    .ARM.Collect$$rtentry$$0000000C  c_w.l(rtentry2.o)
    0x08000232   0x00000008   Code   RO          592    .ARM.Collect$$rtentry$$0000000D  c_w.l(rtentry2.o)
    0x0800023a   0x00000002   Code   RO          726    .ARM.Collect$$rtexit$$00000000  c_w.l(rtexit.o)
    0x0800023c   0x00000000   Code   RO          739    .ARM.Collect$$rtexit$$00000002  c_w.l(rtexit2.o)
    0x0800023c   0x00000004   Code   RO          740    .ARM.Collect$$rtexit$$00000003  c_w.l(rtexit2.o)
    0x08000240   0x00000006   Code   RO          741    .ARM.Collect$$rtexit$$00000004  c_w.l(rtexit2.o)
    0x08000246   0x00000002   PAD
    0x08000248   0x0000000c   Code   RO           46    .emb_text           sys.o
    0x08000254   0x00000048   Code   RO            4    .text               startup_stm32f10x_hd.o
    0x0800029c   0x000000b8   Code   RO           10    .text               delay.o
    0x08000354   0x0000033c   Code   RO           47    .text               sys.o
    0x08000690   0x00000194   Code   RO           62    .text               usart.o
    0x08000824   0x00000098   Code   RO           85    .text               proj.o
    0x080008bc   0x00000080   Code   RO          207    .text               led.o
    0x0800093c   0x00000068   Code   RO          219    .text               key.o
    0x080009a4   0x00000b2c   Code   RO          231    .text               usmart.o
    0x080014d0   0x000005b4   Code   RO          280    .text               usmart_str.o
    0x08001a84   0x0000055e   Code   RO          292    .text               ioi2c.o
    0x08001fe2   0x00000002   PAD
    0x08001fe4   0x000020ae   Code   RO          304    .text               inv_mpu.o
    0x08004092   0x00000002   PAD
    0x08004094   0x00000ed8   Code   RO          348    .text               inv_mpu_dmp_motion_driver.o
    0x08004f6c   0x000007e4   Code   RO          367    .text               dmpctl.o
    0x08005750   0x00000002   Code   RO          385    .text               c_w.l(use_no_semi_2.o)
    0x08005752   0x00000026   Code   RO          387    .text               c_w.l(llshl.o)
    0x08005778   0x00000026   Code   RO          389    .text               c_w.l(llsshr.o)
    0x0800579e   0x00000048   Code   RO          391    .text               c_w.l(llsdiv.o)
    0x080057e6   0x00000002   PAD
    0x080057e8   0x00000018   Code   RO          395    .text               c_w.l(noretval__2printf.o)
    0x08005800   0x00000052   Code   RO          399    .text               c_w.l(_printf_pad.o)
    0x08005852   0x00000052   Code   RO          401    .text               c_w.l(_printf_str.o)
    0x080058a4   0x00000078   Code   RO          403    .text               c_w.l(_printf_dec.o)
    0x0800591c   0x0000005c   Code   RO          408    .text               c_w.l(_printf_hex_int.o)
    0x08005978   0x0000018c   Code   RO          443    .text               c_w.l(__printf_flags_ss_wp.o)
    0x08005b04   0x00000058   Code   RO          453    .text               c_w.l(memcmp.o)
    0x08005b5c   0x00000010   Code   RO          455    .text               c_w.l(aeabi_memset.o)
    0x08005b6c   0x00000006   Code   RO          457    .text               c_w.l(heapauxi.o)
    0x08005b72   0x00000002   Code   RO          519    .text               c_w.l(use_no_semi.o)
    0x08005b74   0x000000ee   Code   RO          522    .text               c_w.l(lludivv7m.o)
    0x08005c62   0x00000016   Code   RO          524    .text               c_w.l(_rserrno.o)
    0x08005c78   0x000000b8   Code   RO          526    .text               c_w.l(_printf_intcommon.o)
    0x08005d30   0x0000041e   Code   RO          528    .text               c_w.l(_printf_fp_dec.o)
    0x0800614e   0x0000002c   Code   RO          530    .text               c_w.l(_printf_char.o)
    0x0800617a   0x00000002   PAD
    0x0800617c   0x00000024   Code   RO          532    .text               c_w.l(_printf_char_file.o)
    0x080061a0   0x00000044   Code   RO          535    .text               c_w.l(rt_memclr.o)
    0x080061e4   0x00000008   Code   RO          607    .text               c_w.l(rt_locale_intlibspace.o)
    0x080061ec   0x00000008   Code   RO          612    .text               c_w.l(rt_errno_addr_intlibspace.o)
    0x080061f4   0x0000008a   Code   RO          614    .text               c_w.l(lludiv10.o)
    0x0800627e   0x00000002   PAD
    0x08006280   0x00000030   Code   RO          616    .text               c_w.l(_printf_char_common.o)
    0x080062b0   0x00000080   Code   RO          618    .text               c_w.l(_printf_fp_infnan.o)
    0x08006330   0x000000e4   Code   RO          620    .text               c_w.l(bigflt0.o)
    0x08006414   0x00000008   Code   RO          645    .text               c_w.l(ferror.o)
    0x0800641c   0x0000004e   Code   RO          652    .text               c_w.l(rt_memclr_w.o)
    0x0800646a   0x00000002   PAD
    0x0800646c   0x00000008   Code   RO          662    .text               c_w.l(libspace.o)
    0x08006474   0x0000004a   Code   RO          665    .text               c_w.l(sys_stackheap_outer.o)
    0x080064be   0x0000000c   Code   RO          671    .text               c_w.l(exit.o)
    0x080064ca   0x00000002   PAD
    0x080064cc   0x00000080   Code   RO          673    .text               c_w.l(strcmpv7m.o)
    0x0800654c   0x00000008   Code   RO          750    .text               c_w.l(rt_fp_status_addr_intlibspace.o)
    0x08006554   0x0000003e   Code   RO          623    CL$$btod_d2e        c_w.l(btod.o)
    0x08006592   0x00000046   Code   RO          625    CL$$btod_d2e_denorm_low  c_w.l(btod.o)
    0x080065d8   0x00000060   Code   RO          624    CL$$btod_d2e_norm_op1  c_w.l(btod.o)
    0x08006638   0x00000338   Code   RO          633    CL$$btod_div_common  c_w.l(btod.o)
    0x08006970   0x000000c6   Code   RO          630    CL$$btod_e2e        c_w.l(btod.o)
    0x08006a36   0x00000028   Code   RO          627    CL$$btod_ediv       c_w.l(btod.o)
    0x08006a5e   0x00000028   Code   RO          626    CL$$btod_emul       c_w.l(btod.o)
    0x08006a86   0x00000244   Code   RO          632    CL$$btod_mult_common  c_w.l(btod.o)
    0x08006cca   0x00000028   Code   RO          572    i.__ARM_fpclassify  m_ws.l(fpclassify.o)
    0x08006cf2   0x000000aa   Code   RO          574    i.__kernel_poly     m_ws.l(poly.o)
    0x08006d9c   0x00000010   Code   RO          570    i.__mathlib_dbl_underflow  m_ws.l(dunder.o)
    0x08006dac   0x0000000e   Code   RO          436    i._is_digit         c_w.l(__printf_wp.o)
    0x08006dba   0x00000002   PAD
    0x08006dbc   0x00000280   Code   RO          502    i.asin              m_ws.l(asin.o)
    0x0800703c   0x00000224   Code   RO          561    i.atan              m_ws.l(atan.o)
    0x08007260   0x00000180   Code   RO          512    i.atan2             m_ws.l(atan2.o)
    0x080073e0   0x0000004c   Code   RO          578    i.sqrt              m_ws.l(sqrt.o)
    0x0800742c   0x0000002c   Code   RO          650    locale$$code        c_w.l(lc_numeric_c.o)
    0x08007458   0x00000062   Code   RO          461    x$fpl$d2f           fz_ws.l(d2f.o)
    0x080074ba   0x00000002   PAD
    0x080074bc   0x00000150   Code   RO          537    x$fpl$dadd          fz_ws.l(daddsub_clz.o)
    0x0800760c   0x00000010   Code   RO          654    x$fpl$dcheck1       fz_ws.l(dcheck1.o)
    0x0800761c   0x000002b0   Code   RO          544    x$fpl$ddiv          fz_ws.l(ddiv.o)
    0x080078cc   0x00000154   Code   RO          463    x$fpl$dmul          fz_ws.l(dmul.o)
    0x08007a20   0x0000009c   Code   RO          547    x$fpl$dnaninf       fz_ws.l(dnaninf.o)
    0x08007abc   0x0000000c   Code   RO          549    x$fpl$dretinf       fz_ws.l(dretinf.o)
    0x08007ac8   0x00000016   Code   RO          538    x$fpl$drsb          fz_ws.l(daddsub_clz.o)
    0x08007ade   0x00000002   PAD
    0x08007ae0   0x000001cc   Code   RO          658    x$fpl$dsqrt         fz_ws.l(dsqrt_noumaal.o)
    0x08007cac   0x000001d4   Code   RO          539    x$fpl$dsub          fz_ws.l(daddsub_clz.o)
    0x08007e80   0x00000056   Code   RO          465    x$fpl$f2d           fz_ws.l(f2d.o)
    0x08007ed6   0x00000002   PAD
    0x08007ed8   0x000000c4   Code   RO          467    x$fpl$fadd          fz_ws.l(faddsub_clz.o)
    0x08007f9c   0x00000018   Code   RO          551    x$fpl$fcmpinf       fz_ws.l(fcmpi.o)
    0x08007fb4   0x00000184   Code   RO          474    x$fpl$fdiv          fz_ws.l(fdiv.o)
    0x08008138   0x00000068   Code   RO          477    x$fpl$feqf          fz_ws.l(feqf.o)
    0x080081a0   0x00000036   Code   RO          479    x$fpl$ffix          fz_ws.l(ffix.o)
    0x080081d6   0x00000002   PAD
    0x080081d8   0x0000003e   Code   RO          483    x$fpl$ffixu         fz_ws.l(ffixu.o)
    0x08008216   0x00000002   PAD
    0x08008218   0x00000030   Code   RO          488    x$fpl$fflt          fz_ws.l(fflt_clz.o)
    0x08008248   0x00000026   Code   RO          487    x$fpl$ffltu         fz_ws.l(fflt_clz.o)
    0x0800826e   0x00000002   PAD
    0x08008270   0x00000068   Code   RO          493    x$fpl$fleqf         fz_ws.l(fleqf.o)
    0x080082d8   0x00000102   Code   RO          495    x$fpl$fmul          fz_ws.l(fmul.o)
    0x080083da   0x0000008c   Code   RO          553    x$fpl$fnaninf       fz_ws.l(fnaninf.o)
    0x08008466   0x0000000e   Code   RO          734    x$fpl$fpinit        fz_ws.l(fpinit.o)
    0x08008474   0x0000000a   Code   RO          555    x$fpl$fretinf       fz_ws.l(fretinf.o)
    0x0800847e   0x00000062   Code   RO          497    x$fpl$frleqf        fz_ws.l(frleqf.o)
    0x080084e0   0x00000014   Code   RO          468    x$fpl$frsb          fz_ws.l(faddsub_clz.o)
    0x080084f4   0x000000ea   Code   RO          469    x$fpl$fsub          fz_ws.l(faddsub_clz.o)
    0x080085de   0x00000004   Code   RO          499    x$fpl$printf1       fz_ws.l(printf1.o)
    0x080085e2   0x00000064   Code   RO          724    x$fpl$retnan        fz_ws.l(retnan.o)
    0x08008646   0x0000005c   Code   RO          557    x$fpl$scalbn        fz_ws.l(scalbn.o)
    0x080086a2   0x00000030   Code   RO          736    x$fpl$trapveneer    fz_ws.l(trapv.o)
    0x080086d2   0x00000000   Code   RO          559    x$fpl$usenofp       fz_ws.l(usenofp.o)
    0x080086d2   0x00000002   PAD
    0x080086d4   0x0000009e   Data   RO          305    .constdata          inv_mpu.o
    0x08008772   0x00000bf6   Data   RO          350    .constdata          inv_mpu_dmp_motion_driver.o
    0x08009368   0x00000028   Data   RO          409    .constdata          c_w.l(_printf_hex_int.o)
    0x08009390   0x00000011   Data   RO          444    .constdata          c_w.l(__printf_flags_ss_wp.o)
    0x080093a1   0x00000007   PAD
    0x080093a8   0x00000050   Data   RO          503    .constdata          m_ws.l(asin.o)
    0x080093f8   0x00000098   Data   RO          562    .constdata          m_ws.l(atan.o)
    0x08009490   0x00000008   Data   RO          576    .constdata          m_ws.l(qnan.o)
    0x08009498   0x00000094   Data   RO          621    .constdata          c_w.l(bigflt0.o)
    0x0800952c   0x00000017   Data   RO          232    .conststring        usmart.o
    0x08009543   0x0000007d   Data   RO          267    .conststring        usmart_config.o
    0x080095c0   0x00000020   Data   RO          811    Region$$Table       anon$$obj.o
    0x080095e0   0x0000001c   Data   RO          649    locale$$data        c_w.l(lc_numeric_c.o)


    Execution Region RW_IRAM1 (Base: 0x20000000, Size: 0x00000ae8, Max: 0x00010000, ABSOLUTE, COMPRESSED[0x00000064])

    Base Addr    Size         Type   Attr      Idx    E Section Name        Object

    0x20000000   0x00000004   Data   RW           11    .data               delay.o
    0x20000004   0x00000008   Data   RW           64    .data               usart.o
    0x2000000c   0x00000018   Data   RW          233    .data               usmart.o
    0x20000024   0x00000114   Data   RW          268    .data               usmart_config.o
    0x20000138   0x0000002c   Data   RW          306    .data               inv_mpu.o
    0x20000164   0x0000003c   Data   RW          369    .data               dmpctl.o
    0x200001a0   0x000000c8   Zero   RW           63    .bss                usart.o
    0x20000268   0x00000010   Zero   RW          349    .bss                inv_mpu_dmp_motion_driver.o
    0x20000278   0x00000010   Zero   RW          368    .bss                dmpctl.o
    0x20000288   0x00000060   Zero   RW          663    .bss                c_w.l(libspace.o)
    0x200002e8   0x00000000   Zero   RW            2    HEAP                startup_stm32f10x_hd.o
    0x200002e8   0x00000800   Zero   RW            1    STACK               startup_stm32f10x_hd.o


==============================================================================

Image component sizes


      Code (inc. data)   RO Data    RW Data    ZI Data      Debug   Object Name

       184         10          0          4          0       3503   delay.o
      2020        940          0         60         16       3021   dmpctl.o
      8366        164        158         44          0      21346   inv_mpu.o
      3800        132       3062          0         16      15279   inv_mpu_dmp_motion_driver.o
      1374         26          0          0          0       5861   ioi2c.o
       104         18          0          0          0        359   key.o
       128         26          0          0          0        444   led.o
       152         40          0          0          0       1527   proj.o
        72         26        304          0       2048        800   startup_stm32f10x_hd.o
       840         76          0          0          0       2787   sys.o
       404         38          0          8        200       2890   usart.o
      2860       1164         23         24          0       4050   usmart.o
         0          0        125        276          0       1368   usmart_config.o
      1460         12          0          0          0       5189   usmart_str.o

    ----------------------------------------------------------------------
     21768       2672       3704        416       2280      68424   Object Totals
         0          0         32          0          0          0   (incl. Generated)
         4          0          0          0          0          0   (incl. Padding)

    ----------------------------------------------------------------------

      Code (inc. data)   RO Data    RW Data    ZI Data      Debug   Library Member Name

        90          0          0          0          0          0   __dczerorl2.o
         8          0          0          0          0         68   __main.o
       396          6         17          0          0         92   __printf_flags_ss_wp.o
        14          0          0          0          0         68   __printf_wp.o
        52          8          0          0          0          0   __scatter.o
        28          0          0          0          0          0   __scatter_zi.o
         6          0          0          0          0          0   _printf_c.o
        44          0          0          0          0        108   _printf_char.o
        48          6          0          0          0         96   _printf_char_common.o
        36          4          0          0          0         80   _printf_char_file.o
         6          0          0          0          0          0   _printf_d.o
       120         18          0          0          0         92   _printf_dec.o
         6          0          0          0          0          0   _printf_f.o
      1054          0          0          0          0        216   _printf_fp_dec.o
       128         16          0          0          0         84   _printf_fp_infnan.o
        92          4         40          0          0         88   _printf_hex_int.o
       184          0          0          0          0         88   _printf_intcommon.o
        82          0          0          0          0        108   _printf_pad.o
         0          0          0          0          0          0   _printf_percent.o
         4          0          0          0          0          0   _printf_percent_end.o
         6          0          0          0          0          0   _printf_s.o
        82          0          0          0          0         80   _printf_str.o
         6          0          0          0          0          0   _printf_u.o
         6          0          0          0          0          0   _printf_x.o
        22          0          0          0          0        100   _rserrno.o
        16          0          0          0          0         68   aeabi_memset.o
       228          6        148          0          0         96   bigflt0.o
      1910        128          0          0          0        672   btod.o
        12          0          0          0          0         72   exit.o
         8          0          0          0          0         68   ferror.o
         6          0          0          0          0        152   heapauxi.o
        44         10         28          0          0         76   lc_numeric_c.o
         6          0          0          0          0          0   libinit.o
        18          0          0          0          0          0   libinit2.o
         2          0          0          0          0          0   libshutdown.o
         2          0          0          0          0          0   libshutdown2.o
         8          4          0          0         96         68   libspace.o
        72          0          0          0          0         76   llsdiv.o
        38          0          0          0          0         68   llshl.o
        38          0          0          0          0         68   llsshr.o
       138          0          0          0          0         80   lludiv10.o
       238          0          0          0          0        100   lludivv7m.o
        88          0          0          0          0         76   memcmp.o
        24          4          0          0          0         84   noretval__2printf.o
         8          4          0          0          0         68   rt_errno_addr_intlibspace.o
         8          4          0          0          0         68   rt_fp_status_addr_intlibspace.o
         8          4          0          0          0         68   rt_locale_intlibspace.o
        68          0          0          0          0         68   rt_memclr.o
        78          0          0          0          0         80   rt_memclr_w.o
         0          0          0          0          0          0   rtentry.o
        12          0          0          0          0          0   rtentry2.o
         6          0          0          0          0          0   rtentry4.o
         2          0          0          0          0          0   rtexit.o
        10          0          0          0          0          0   rtexit2.o
       128          0          0          0          0         68   strcmpv7m.o
        74          0          0          0          0         80   sys_stackheap_outer.o
         2          0          0          0          0         68   use_no_semi.o
         2          0          0          0          0         68   use_no_semi_2.o
        98          4          0          0          0         92   d2f.o
       826         16          0          0          0        356   daddsub_clz.o
        16          4          0          0          0         68   dcheck1.o
       688        140          0          0          0        212   ddiv.o
       340         12          0          0          0        104   dmul.o
       156          4          0          0          0         92   dnaninf.o
        12          0          0          0          0         68   dretinf.o
       460         56          0          0          0        120   dsqrt_noumaal.o
        86          4          0          0          0         84   f2d.o
       450          8          0          0          0        236   faddsub_clz.o
        24          0          0          0          0         68   fcmpi.o
       388         76          0          0          0         96   fdiv.o
       104          4          0          0          0         84   feqf.o
        54          4          0          0          0         84   ffix.o
        62          4          0          0          0         84   ffixu.o
        86          0          0          0          0        136   fflt_clz.o
       104          4          0          0          0         84   fleqf.o
       258          4          0          0          0         84   fmul.o
       140          4          0          0          0         84   fnaninf.o
        14          0          0          0          0         76   fpinit.o
        10          0          0          0          0         68   fretinf.o
        98          0          0          0          0         68   frleqf.o
         4          0          0          0          0         68   printf1.o
       100          0          0          0          0         68   retnan.o
        92          0          0          0          0         68   scalbn.o
        48          0          0          0          0         68   trapv.o
         0          0          0          0          0          0   usenofp.o
       640         54         80          0          0        176   asin.o
       548         68        152          0          0        128   atan.o
       384         38          0          0          0        144   atan2.o
        16          6          0          0          0         68   dunder.o
        40          0          0          0          0         68   fpclassify.o
       170          0          0          0          0         96   poly.o
         0          0          8          0          0          0   qnan.o
        76          0          0          0          0         84   sqrt.o

    ----------------------------------------------------------------------
     12444        740        480          0         96       7312   Library Totals
        30          0          7          0          0          0   (incl. Padding)

    ----------------------------------------------------------------------

      Code (inc. data)   RO Data    RW Data    ZI Data      Debug   Library Name

      5822        226        233          0         96       3828   c_w.l
      4718        348          0          0          0       2720   fz_ws.l
      1874        166        240          0          0        764   m_ws.l

    ----------------------------------------------------------------------
     12444        740        480          0         96       7312   Library Totals

    ----------------------------------------------------------------------

==============================================================================


      Code (inc. data)   RO Data    RW Data    ZI Data      Debug   

     34212       3412       4184        416       2376      70328   Grand Totals
     34212       3412       4184        100       2376      70328   ELF Image Totals (compressed)
     34212       3412       4184        100          0          0   ROM Totals

==============================================================================

    Total RO  Size (Code + RO Data)                38396 (  37.50kB)
    Total RW  Size (RW Data + ZI Data)              2792 (   2.73kB)
    Total ROM Size (Code + RO Data + RW Data)      38496 (  37.59kB)

==============================================================================

